package games.cafecito.foundry.generated.demomodule;

@javax.annotation.processing.Generated("games.cafecito.foundry.processor.FoundryExtensionProcessor")
public final class DemoModuleRegistry
        implements games.cafecito.foundry.runtime.FoundryModuleProvider {
    public static final games.cafecito.foundry.runtime.FoundryModuleProvider PROVIDER =
            new DemoModuleRegistry();

    private DemoModuleRegistry() {}

    private static final games.cafecito.foundry.runtime.FoundryModuleDescriptor DESCRIPTOR =
            new games.cafecito.foundry.runtime.FoundryModuleDescriptor(
                    2,
                    "demo-module",
                    "games.cafecito.foundry.generated.demomodule.DemoModuleRegistry",
                    "85e91174c1a8a48629223d6459bb2ef595ad1da405b2ce88435c24fe221aec51",
                    "1",
                    "1",
                    "1",
                    java.util.List.of(
                            new games.cafecito.foundry.runtime.FoundryClassDescriptor(
                                    "demo.SpinningCube",
                                    "SpinningCube",
                                    "demo.EngineNode",
                                    "SCENE",
                                    java.util.List.of(),
                                    new games.cafecito.foundry.runtime.FoundryExtensionAccess() {
                                        @Override
                                        public Object construct(
                                                games.cafecito.foundry.runtime.FoundryBindingContext context,
                                                games.cafecito.foundry.runtime.ObjectLease lease) {
                                            return demo.SpinningCube_FoundryTrampoline.construct(context, lease);
                                        }

                                        @Override
                                        public Object invoke(
                                                Object target, String name, Object[] arguments) {
                                            return demo.SpinningCube_FoundryTrampoline.invoke(
                                                    target, name, arguments);
                                        }

                                        @Override
                                        public Object getProperty(Object target, String name) {
                                            return demo.SpinningCube_FoundryTrampoline.getProperty(target, name);
                                        }

                                        @Override
                                        public void setProperty(
                                                Object target, String name, Object value) {
                                            demo.SpinningCube_FoundryTrampoline.setProperty(target, name, value);
                                        }
                                    },
                                    java.util.List.of(
                                            new games.cafecito.foundry.runtime.FoundryMemberDescriptor(
                                                    "override",
                                                    "_process",
                                                    "onProcess",
                                                    "void(double)"),
                                            new games.cafecito.foundry.runtime.FoundryMemberDescriptor(
                                                    "method", "reset", "reset", "void()"),
                                            new games.cafecito.foundry.runtime.FoundryMemberDescriptor(
                                                    "signal",
                                                    "reset_done",
                                                    "Reset",
                                                    "void(double)"),
                                            new games.cafecito.foundry.runtime.FoundryMemberDescriptor(
                                                    "property", "speed", "speed", "double")))));

    @Override
    public games.cafecito.foundry.runtime.FoundryModuleDescriptor descriptor() {
        return DESCRIPTOR;
    }
}
