package games.cafecito.foundry.generated.demomodule;

@javax.annotation.processing.Generated("games.cafecito.foundry.processor.FoundryExtensionProcessor")
public final class DemoModuleRegistry
        implements games.cafecito.foundry.runtime.FoundryModuleProvider {
    public static final games.cafecito.foundry.runtime.FoundryModuleProvider PROVIDER =
            new DemoModuleRegistry();

    private DemoModuleRegistry() {}

    private static String decode(String value) {
        return new String(
                java.util.Base64.getUrlDecoder().decode(value),
                java.nio.charset.StandardCharsets.UTF_8);
    }

    private static final games.cafecito.foundry.runtime.FoundryModuleDescriptor DESCRIPTOR =
            new games.cafecito.foundry.runtime.FoundryModuleDescriptor(
                    2,
                    "demo-module",
                    "games.cafecito.foundry.generated.demomodule.DemoModuleRegistry",
                    "48af7d0e8fbbbc615d985db39c135402e5120649865cc21e43676da5ee65332b",
                    "1",
                    "1",
                    "1",
                    java.util.List.of(
                            new games.cafecito.foundry.runtime.FoundryClassDescriptor(
                                    "demo.SpinningCube",
                                    "SpinningCube",
                                    "demo.EngineNode",
                                    "SCENE",
                                    java.util.List.of(),
                                    new games.cafecito.foundry.runtime.FoundryExtensionAccess() {
                                        @Override
                                        public Object construct(
                                                games.cafecito.foundry.runtime.FoundryBindingContext context,
                                                games.cafecito.foundry.runtime.ObjectLease lease) {
                                            return demo.SpinningCube_FoundryTrampoline.construct(context, lease);
                                        }

                                        @Override
                                        public Object invoke(
                                                Object target, String name, Object[] arguments) {
                                            return demo.SpinningCube_FoundryTrampoline.invoke(
                                                    target, name, arguments);
                                        }

                                        @Override
                                        public Object getProperty(Object target, String name) {
                                            return demo.SpinningCube_FoundryTrampoline.getProperty(target, name);
                                        }

                                        @Override
                                        public void setProperty(
                                                Object target, String name, Object value) {
                                            demo.SpinningCube_FoundryTrampoline.setProperty(target, name, value);
                                        }
                                    },
                                    java.util.List.of(
                                            new games.cafecito.foundry.runtime.FoundryMemberDescriptor(
                                                    "constant",
                                                    "min_value",
                                                    "MIN_VALUE",
                                                    "long",
                                                    new games.cafecito.foundry.runtime.FoundryConstantDetails(
                                                            decode("TW92ZW1lbnRNb2Rl"),
                                                            Long.MIN_VALUE,
                                                            true)),
                                            new games.cafecito.foundry.runtime.FoundryMemberDescriptor(
                                                    "method",
                                                    "convert_mode",
                                                    "convertMode",
                                                    "long(long,long)"),
                                            new games.cafecito.foundry.runtime.FoundryMemberDescriptor(
                                                    "method", "reset", "reset", "void()"),
                                            new games.cafecito.foundry.runtime.FoundryMemberDescriptor(
                                                    "override",
                                                    "_engine_mode",
                                                    "onEngineMode",
                                                    "long(long)"),
                                            new games.cafecito.foundry.runtime.FoundryMemberDescriptor(
                                                    "override",
                                                    "_process",
                                                    "onProcess",
                                                    "void(double)"),
                                            new games.cafecito.foundry.runtime.FoundryMemberDescriptor(
                                                    "property",
                                                    "movement_mode",
                                                    "movementMode",
                                                    "long",
                                                    new games.cafecito.foundry.runtime.FoundryPropertyDetails(
                                                            decode("bW92ZW1lbnRNb2Rl"),
                                                            decode("bW92ZW1lbnRNb2Rl"),
                                                            -1,
                                                            decode(""),
                                                            decode(""),
                                                            decode(""),
                                                            decode(""))),
                                            new games.cafecito.foundry.runtime.FoundryMemberDescriptor(
                                                    "property",
                                                    "speed",
                                                    "speed",
                                                    "double",
                                                    new games.cafecito.foundry.runtime.FoundryPropertyDetails(
                                                            decode("c3BlZWQ"),
                                                            decode("c3BlZWQ"),
                                                            7,
                                                            decode("TW90aW9u"),
                                                            decode("bW90aW9uXw"),
                                                            decode("U3BlZWQ"),
                                                            decode("c3BlZWRf"))),
                                            new games.cafecito.foundry.runtime.FoundryMemberDescriptor(
                                                    "signal",
                                                    "mode_changed",
                                                    "ModeChanged",
                                                    "void(long,long)"),
                                            new games.cafecito.foundry.runtime.FoundryMemberDescriptor(
                                                    "signal",
                                                    "reset_done",
                                                    "Reset",
                                                    "void(double)")))));

    @Override
    public games.cafecito.foundry.runtime.FoundryModuleDescriptor descriptor() {
        return DESCRIPTOR;
    }
}
